2025-04-12 11:24:58,058 - INFO - Content Generator Suite started at 2025-04-12 11:24:58.058380
2025-04-12 11:24:58,058 - INFO - Loading input files...
2025-04-12 11:24:58,060 - INFO - Files loaded successfully
2025-04-12 11:24:58,060 - INFO - 
Generating content...
2025-04-12 11:24:58,060 - INFO - Running blog_generator...
2025-04-12 11:41:02,044 - INFO - Content Generator Suite started at 2025-04-12 11:41:02.044648
2025-04-12 11:41:02,044 - INFO - Loading input files...
2025-04-12 11:41:02,045 - INFO - Files loaded successfully
2025-04-12 11:41:02,045 - INFO - 
Generating content...
2025-04-12 11:41:02,045 - INFO - Running blog_generator...
2025-04-12 11:46:23,412 - INFO - Content Generator Suite started at 2025-04-12 11:46:23.412456
2025-04-12 11:46:23,412 - INFO - Loading input files...
2025-04-12 11:46:23,413 - INFO - Files loaded successfully
2025-04-12 11:46:23,413 - INFO - 
Generating content...
2025-04-12 11:46:23,413 - INFO - Running blog_generator...
2025-04-12 11:48:22,720 - INFO - Content Generator Suite started at 2025-04-12 11:48:22.720453
2025-04-12 11:48:22,720 - INFO - Loading input files...
2025-04-12 11:48:22,721 - INFO - Files loaded successfully
2025-04-12 11:48:22,721 - INFO - 
Generating content...
2025-04-12 11:48:22,721 - INFO - Running blog_generator...
2025-04-12 11:49:07,222 - INFO - Content Generator Suite started at 2025-04-12 11:49:07.222788
2025-04-12 11:49:07,223 - INFO - Loading input files...
2025-04-12 11:49:07,223 - INFO - Files loaded successfully
2025-04-12 11:49:07,223 - INFO - 
Generating content...
2025-04-12 11:49:07,223 - INFO - Running blog_generator...
2025-04-12 11:58:33,163 - INFO - Content Generator Suite starting...
2025-04-12 11:58:33,163 - INFO - Loading input files...
2025-04-12 11:58:33,164 - INFO - Starting content generation...
2025-04-12 11:58:33,164 - INFO - 
Generating content...
2025-04-12 11:58:33,164 - INFO - Running blog_generator...
2025-04-12 11:59:15,705 - INFO - Content Generator Suite starting...
2025-04-12 11:59:15,705 - INFO - Loading input files...
2025-04-12 11:59:15,706 - INFO - Starting content generation...
2025-04-12 11:59:15,706 - INFO - 
Generating content...
2025-04-12 11:59:15,706 - INFO - Running blog_generator...
2025-04-12 12:03:03,780 - INFO - Content Generator Suite starting...
2025-04-12 12:03:03,780 - INFO - Loading input files...
2025-04-12 12:03:03,782 - INFO - Starting content generation...
2025-04-12 12:03:03,782 - INFO - 
Generating content...
2025-04-12 12:03:03,782 - INFO - Running blog_generator...
2025-04-12 12:09:59,273 - INFO - Content Generator Suite starting...
2025-04-12 12:09:59,274 - INFO - Loading input files...
2025-04-12 12:09:59,274 - INFO - Starting content generation...
2025-04-12 12:09:59,274 - INFO - 
Generating content...
2025-04-12 12:09:59,274 - INFO - Running blog_generator...
2025-04-12 12:18:44,175 - INFO - Content Generator Suite starting...
2025-04-12 12:18:44,175 - INFO - Loading input files...
2025-04-12 12:18:44,176 - INFO - Starting content generation...
2025-04-12 12:18:44,176 - INFO - 
Generating content...
2025-04-12 12:18:44,176 - INFO - Running blog_generator...
